2025-08-10 18:29:02,676 [INFO] Activator:176 - 


2025-08-10 18:29:02,677 [INFO] Activator:177 - !SESSION log4j initialized
2025-08-10 18:29:03,978 [INFO] LogOutputStream:77 - [STDOUT_REDIRECT] 
2025-08-10 18:29:04,888 [INFO] ApplicationProperties:184 - Using Application install path: /opt/stm32cubeide/plugins/com.st.stm32cube.common.mx_6.14.0.202502271554
2025-08-10 18:29:04,895 [INFO] DbMcusXml:78 - Set database path to: /opt/stm32cubeide/plugins/com.st.stm32cube.common.mx_6.14.0.202502271554//db//mcu/
2025-08-10 18:29:04,896 [INFO] ApiDb:274 - Set plugin database path to: /opt/stm32cubeide/plugins/com.st.stm32cube.common.mx_6.14.0.202502271554//db//plugins/boardmanager/
2025-08-10 18:29:04,896 [WARN] ApiDb:259 - Overriding images path with different value:  => /opt/stm32cubeide/plugins/com.st.stm32cube.common.mx_6.14.0.202502271554//db//plugins/mcufinder/images/
2025-08-10 18:29:04,897 [INFO] ApiDb:250 - Set database path to: /home/nicolas/.stmcufinder/plugins/mcufinder//mcu/
2025-08-10 18:29:04,898 [INFO] DbMcusAds:125 - Set database path to: /home/nicolas/.stmcufinder/plugins/mcufinder//mcu/
2025-08-10 18:29:04,898 [INFO] CrossReferenceDbSqlite:203 - Set database path to: /home/nicolas/.stmcufinder/plugins/mcufinder//mcu/cs/
2025-08-10 18:29:04,951 [INFO] RulesReader:64 - Compatibility file has been processed (301 Rules)
2025-08-10 18:29:04,990 [INFO] DbMcusXml:78 - Set database path to: /opt/stm32cubeide/plugins/com.st.stm32cube.common.mx_6.14.0.202502271554//db//mcu/
2025-08-10 18:29:04,990 [INFO] ApiDb:274 - Set plugin database path to: /opt/stm32cubeide/plugins/com.st.stm32cube.common.mx_6.14.0.202502271554//db//plugins/boardmanager/
2025-08-10 18:29:04,990 [INFO] ApiDb:261 - Set plugin images path to: /opt/stm32cubeide/plugins/com.st.stm32cube.common.mx_6.14.0.202502271554//db//plugins/mcufinder/images/
2025-08-10 18:29:04,990 [WARN] DbFile:41 - Overriding database path with different value: /home/nicolas/.stmcufinder/plugins/mcufinder/ => /home/nicolas/.stmcufinder/plugins/mcufinder
2025-08-10 18:29:04,990 [INFO] ApiDb:250 - Set database path to: /home/nicolas/.stmcufinder/plugins/mcufinder//mcu/
2025-08-10 18:29:04,990 [WARN] DbFile:41 - Overriding database path with different value: /home/nicolas/.stmcufinder/plugins/mcufinder/ => /home/nicolas/.stmcufinder/plugins/mcufinder
2025-08-10 18:29:04,990 [INFO] DbMcusAds:125 - Set database path to: /home/nicolas/.stmcufinder/plugins/mcufinder//mcu/
2025-08-10 18:29:04,990 [WARN] DbFile:41 - Overriding database path with different value: /home/nicolas/.stmcufinder/plugins/mcufinder/ => /home/nicolas/.stmcufinder/plugins/mcufinder
2025-08-10 18:29:04,990 [WARN] DbFile:41 - Overriding database path with different value: /home/nicolas/.stmcufinder/plugins/mcufinder/ => /home/nicolas/.stmcufinder/plugins/mcufinder
2025-08-10 18:29:04,990 [INFO] CrossReferenceDbSqlite:203 - Set database path to: /home/nicolas/.stmcufinder/plugins/mcufinder//mcu/cs/
2025-08-10 18:29:05,022 [INFO] MainPanel:272 - HeapMemory: 268435456
2025-08-10 18:29:05,080 [INFO] DbMcusXml:78 - Set database path to: /opt/stm32cubeide/plugins/com.st.stm32cube.common.mx_6.14.0.202502271554//db//mcu/
2025-08-10 18:29:05,080 [INFO] ApiDb:274 - Set plugin database path to: /opt/stm32cubeide/plugins/com.st.stm32cube.common.mx_6.14.0.202502271554//db//plugins/boardmanager/
2025-08-10 18:29:05,080 [INFO] ApiDb:261 - Set plugin images path to: /opt/stm32cubeide/plugins/com.st.stm32cube.common.mx_6.14.0.202502271554//db//plugins/mcufinder/images/
2025-08-10 18:29:05,080 [WARN] DbFile:41 - Overriding database path with different value: /home/nicolas/.stmcufinder/plugins/mcufinder/ => /home/nicolas/.stmcufinder/plugins/mcufinder
2025-08-10 18:29:05,080 [INFO] ApiDb:250 - Set database path to: /home/nicolas/.stmcufinder/plugins/mcufinder//mcu/
2025-08-10 18:29:05,080 [WARN] DbFile:41 - Overriding database path with different value: /home/nicolas/.stmcufinder/plugins/mcufinder/ => /home/nicolas/.stmcufinder/plugins/mcufinder
2025-08-10 18:29:05,080 [INFO] DbMcusAds:125 - Set database path to: /home/nicolas/.stmcufinder/plugins/mcufinder//mcu/
2025-08-10 18:29:05,080 [WARN] DbFile:41 - Overriding database path with different value: /home/nicolas/.stmcufinder/plugins/mcufinder/ => /home/nicolas/.stmcufinder/plugins/mcufinder
2025-08-10 18:29:05,080 [WARN] DbFile:41 - Overriding database path with different value: /home/nicolas/.stmcufinder/plugins/mcufinder/ => /home/nicolas/.stmcufinder/plugins/mcufinder
2025-08-10 18:29:05,081 [INFO] CrossReferenceDbSqlite:203 - Set database path to: /home/nicolas/.stmcufinder/plugins/mcufinder//mcu/cs/
2025-08-10 18:29:05,089 [INFO] ApplicationProperties:184 - Using Application install path: /opt/stm32cubeide/plugins/com.st.stm32cube.common.mx_6.14.0.202502271554
2025-08-10 18:29:05,090 [INFO] PluginManage:196 - Search for loadable plugins [exclusion list=, ]
2025-08-10 18:29:05,090 [INFO] PluginManage:310 - Check plugin analytics
2025-08-10 18:29:05,163 [INFO] AnalyticsPlugin:253 - Accepted Software Licenses: 
2025-08-10 18:29:05,163 [INFO] AnalyticsPlugin:255 - Accepted CMSIS Pack Licenses: 
2025-08-10 18:29:05,163 [INFO] AnalyticsPlugin:257 - Accepted Firmware Licenses: 
2025-08-10 18:29:05,164 [INFO] PluginManage:359 - Loaded plugin analytics (category:tool,tabindex:-1)
2025-08-10 18:29:05,165 [INFO] PluginManage:310 - Check plugin cadmodel
2025-08-10 18:29:05,166 [INFO] CADModel:105 - Init CAD model plugin
2025-08-10 18:29:05,166 [INFO] PluginManage:359 - Loaded plugin cadmodel (category:power,tabindex:5)
2025-08-10 18:29:05,167 [INFO] PluginManage:310 - Check plugin clock
2025-08-10 18:29:05,171 [INFO] PluginManage:359 - Loaded plugin clock (category:base,tabindex:2)
2025-08-10 18:29:05,171 [INFO] PluginManage:310 - Check plugin ddr
2025-08-10 18:29:05,172 [INFO] PluginManage:359 - Loaded plugin ddr (category:tool,tabindex:6)
2025-08-10 18:29:05,172 [INFO] PluginManage:310 - Check plugin filemanager
2025-08-10 18:29:05,264 [INFO] PluginManage:359 - Loaded plugin filemanager (category:base,tabindex:10)
2025-08-10 18:29:05,264 [INFO] PluginManage:310 - Check plugin ipmanager
2025-08-10 18:29:05,268 [INFO] PluginManage:359 - Loaded plugin ipmanager (category:base,tabindex:5)
2025-08-10 18:29:05,268 [INFO] PluginManage:310 - Check plugin lpbam
2025-08-10 18:29:05,273 [INFO] PluginManage:359 - Loaded plugin lpbam (category:base,tabindex:0)
2025-08-10 18:29:05,273 [INFO] PluginManage:310 - Check plugin memorymap
2025-08-10 18:29:05,279 [INFO] PluginManage:359 - Loaded plugin memorymap (category:base,tabindex:4)
2025-08-10 18:29:05,280 [INFO] PluginManage:310 - Check plugin pinoutandconfiguration
2025-08-10 18:29:05,291 [INFO] PluginManage:359 - Loaded plugin pinoutandconfiguration (category:base,tabindex:1)
2025-08-10 18:29:05,291 [INFO] PluginManage:310 - Check plugin pinoutconfig
2025-08-10 18:29:05,336 [WARN] SupportedApi:132 - Cannot load RTOS API schema: s4s-elt-must-match.1: The content of 'definitions' must match (annotation?, (simpleType | complexType)?, (unique | key | keyref)*)). A problem was found starting at: attribute.
2025-08-10 18:29:05,398 [INFO] PluginManage:359 - Loaded plugin pinoutconfig (category:base,tabindex:0)
2025-08-10 18:29:05,398 [INFO] PluginManage:310 - Check plugin power
2025-08-10 18:29:05,402 [INFO] PluginManage:359 - Loaded plugin power (category:power,tabindex:4)
2025-08-10 18:29:05,402 [INFO] PluginManage:310 - Check plugin projectmanager
2025-08-10 18:29:05,410 [INFO] PluginManage:359 - Loaded plugin projectmanager (category:projectmanager,tabindex:4)
2025-08-10 18:29:05,410 [INFO] PluginManage:310 - Check plugin rif
2025-08-10 18:29:05,413 [INFO] PluginManage:359 - Loaded plugin rif (category:base,tabindex:3)
2025-08-10 18:29:05,413 [INFO] PluginManage:310 - Check plugin thirdparty
2025-08-10 18:29:05,464 [INFO] PluginManage:359 - Loaded plugin thirdparty (category:base,tabindex:-1)
2025-08-10 18:29:05,464 [WARN] IntegrityCheckThread:84 - waiting for thirdparty lock release [integrity check]
2025-08-10 18:29:05,465 [INFO] PluginManage:310 - Check plugin tools
2025-08-10 18:29:05,465 [INFO] IntegrityCheckThread:86 - entering critical section [integrity check]
2025-08-10 18:29:05,465 [INFO] ThirdPartyUpdaterWithRetryManager:70 - Updater plugin not ready yet. [1/15]
2025-08-10 18:29:05,466 [INFO] PluginManage:359 - Loaded plugin tools (category:base,tabindex:7)
2025-08-10 18:29:05,466 [INFO] PluginManage:310 - Check plugin tutovideos
2025-08-10 18:29:05,542 [INFO] PluginManage:359 - Loaded plugin tutovideos (category:base,tabindex:-1)
2025-08-10 18:29:05,542 [INFO] PluginManage:310 - Check plugin updater
2025-08-10 18:29:05,553 [INFO] PluginManage:359 - Loaded plugin updater (category:base,tabindex:12)
2025-08-10 18:29:05,553 [INFO] PluginManage:310 - Check plugin userauth
2025-08-10 18:29:05,555 [INFO] UserAuth:118 - Init User Auth plugin
2025-08-10 18:29:05,555 [INFO] PluginManage:359 - Loaded plugin userauth (category:base,tabindex:14)
2025-08-10 18:29:05,556 [INFO] PluginManage:283 - PluginManage : Loaded plugins [18]
2025-08-10 18:29:05,637 [INFO] PinOutPanel:1589 - setPackage(No Configuration,No Configuration)
2025-08-10 18:29:05,668 [INFO] CADModel:165 - CPN selected for project level
2025-08-10 18:29:05,669 [INFO] CADModel:114 - Register for checkConnection events
2025-08-10 18:29:05,675 [INFO] IPUIPlugin:80 - create IPUIPlugin
2025-08-10 18:29:05,675 [INFO] PluginManager:220 - loadIPPluginJar : add stm32_wpan
2025-08-10 18:29:05,676 [INFO] IPUIPlugin:80 - create IPUIPlugin
2025-08-10 18:29:05,676 [INFO] PluginManager:220 - loadIPPluginJar : add usart
2025-08-10 18:29:05,677 [INFO] IPUIPlugin:80 - create IPUIPlugin
2025-08-10 18:29:05,677 [INFO] PluginManager:220 - loadIPPluginJar : add sai
2025-08-10 18:29:05,679 [INFO] IPUIPlugin:80 - create IPUIPlugin
2025-08-10 18:29:05,679 [INFO] PluginManager:220 - loadIPPluginJar : add adc
2025-08-10 18:29:05,679 [INFO] IPUIPlugin:80 - create IPUIPlugin
2025-08-10 18:29:05,679 [INFO] PluginManager:220 - loadIPPluginJar : add gtzc
2025-08-10 18:29:05,680 [INFO] IPUIPlugin:80 - create IPUIPlugin
2025-08-10 18:29:05,680 [INFO] PluginManager:220 - loadIPPluginJar : add pdm2pcm
2025-08-10 18:29:05,681 [INFO] IPUIPlugin:80 - create IPUIPlugin
2025-08-10 18:29:05,681 [INFO] PluginManager:220 - loadIPPluginJar : add fatfs
2025-08-10 18:29:05,681 [INFO] IPUIPlugin:80 - create IPUIPlugin
2025-08-10 18:29:05,681 [INFO] PluginManager:220 - loadIPPluginJar : add gfxmmu
2025-08-10 18:29:05,682 [INFO] IPUIPlugin:80 - create IPUIPlugin
2025-08-10 18:29:05,682 [INFO] PluginManager:220 - loadIPPluginJar : add dfsdm
2025-08-10 18:29:05,683 [INFO] IPUIPlugin:80 - create IPUIPlugin
2025-08-10 18:29:05,683 [INFO] PluginManager:220 - loadIPPluginJar : add aes
2025-08-10 18:29:05,683 [INFO] IPUIPlugin:80 - create IPUIPlugin
2025-08-10 18:29:05,683 [INFO] PluginManager:220 - loadIPPluginJar : add lorawan
2025-08-10 18:29:05,684 [INFO] IPUIPlugin:80 - create IPUIPlugin
2025-08-10 18:29:05,684 [INFO] PluginManager:220 - loadIPPluginJar : add genericplugin
2025-08-10 18:29:05,685 [INFO] IPUIPlugin:80 - create IPUIPlugin
2025-08-10 18:29:05,685 [INFO] PluginManager:220 - loadIPPluginJar : add gpio
2025-08-10 18:29:05,686 [INFO] IPUIPlugin:80 - create IPUIPlugin
2025-08-10 18:29:05,686 [INFO] PluginManager:220 - loadIPPluginJar : add usbx
2025-08-10 18:29:05,688 [INFO] IPUIPlugin:80 - create IPUIPlugin
2025-08-10 18:29:05,689 [INFO] PluginManager:220 - loadIPPluginJar : add plateformsettings
2025-08-10 18:29:05,690 [INFO] IPUIPlugin:80 - create IPUIPlugin
2025-08-10 18:29:05,690 [INFO] PluginManager:220 - loadIPPluginJar : add opamp
2025-08-10 18:29:05,690 [INFO] IPUIPlugin:80 - create IPUIPlugin
2025-08-10 18:29:05,690 [INFO] PluginManager:220 - loadIPPluginJar : add quadspi
2025-08-10 18:29:05,691 [INFO] IPUIPlugin:80 - create IPUIPlugin
2025-08-10 18:29:05,691 [INFO] PluginManager:220 - loadIPPluginJar : add cryp
2025-08-10 18:29:05,692 [INFO] IPUIPlugin:80 - create IPUIPlugin
2025-08-10 18:29:05,692 [INFO] PluginManager:220 - loadIPPluginJar : add ts
2025-08-10 18:29:05,692 [INFO] IPUIPlugin:80 - create IPUIPlugin
2025-08-10 18:29:05,692 [INFO] PluginManager:220 - loadIPPluginJar : add i3c
2025-08-10 18:29:05,694 [INFO] IPUIPlugin:80 - create IPUIPlugin
2025-08-10 18:29:05,694 [INFO] PluginManager:220 - loadIPPluginJar : add freertos
2025-08-10 18:29:05,695 [INFO] IPUIPlugin:80 - create IPUIPlugin
2025-08-10 18:29:05,695 [INFO] PluginManager:220 - loadIPPluginJar : add i2c
2025-08-10 18:29:05,696 [INFO] IPUIPlugin:80 - create IPUIPlugin
2025-08-10 18:29:05,696 [INFO] PluginManager:220 - loadIPPluginJar : add spi
2025-08-10 18:29:05,696 [INFO] IPUIPlugin:80 - create IPUIPlugin
2025-08-10 18:29:05,696 [INFO] PluginManager:220 - loadIPPluginJar : add ucpd
2025-08-10 18:29:05,697 [INFO] IPUIPlugin:80 - create IPUIPlugin
2025-08-10 18:29:05,697 [INFO] PluginManager:220 - loadIPPluginJar : add resmgrutility
2025-08-10 18:29:05,698 [INFO] IPUIPlugin:80 - create IPUIPlugin
2025-08-10 18:29:05,698 [INFO] PluginManager:220 - loadIPPluginJar : add extmemmanager
2025-08-10 18:29:05,699 [INFO] IPUIPlugin:80 - create IPUIPlugin
2025-08-10 18:29:05,699 [INFO] PluginManager:220 - loadIPPluginJar : add touchsensing
2025-08-10 18:29:05,700 [INFO] IPUIPlugin:80 - create IPUIPlugin
2025-08-10 18:29:05,700 [INFO] PluginManager:220 - loadIPPluginJar : add tsc
2025-08-10 18:29:05,701 [INFO] IPUIPlugin:80 - create IPUIPlugin
2025-08-10 18:29:05,701 [INFO] PluginManager:220 - loadIPPluginJar : add i2s
2025-08-10 18:29:05,703 [INFO] IPUIPlugin:80 - create IPUIPlugin
2025-08-10 18:29:05,703 [INFO] PluginManager:220 - loadIPPluginJar : add gic
2025-08-10 18:29:05,704 [INFO] IPUIPlugin:80 - create IPUIPlugin
2025-08-10 18:29:05,704 [INFO] PluginManager:220 - loadIPPluginJar : add ipddr
2025-08-10 18:29:05,705 [INFO] IPUIPlugin:80 - create IPUIPlugin
2025-08-10 18:29:05,705 [INFO] PluginManager:220 - loadIPPluginJar : add fmc
2025-08-10 18:29:05,706 [INFO] IPUIPlugin:80 - create IPUIPlugin
2025-08-10 18:29:05,706 [INFO] PluginManager:220 - loadIPPluginJar : add openamp
2025-08-10 18:29:05,707 [INFO] IPUIPlugin:80 - create IPUIPlugin
2025-08-10 18:29:05,707 [INFO] PluginManager:220 - loadIPPluginJar : add hash
2025-08-10 18:29:05,707 [INFO] IPUIPlugin:80 - create IPUIPlugin
2025-08-10 18:29:05,707 [INFO] PluginManager:220 - loadIPPluginJar : add dma3
2025-08-10 18:29:05,708 [INFO] IPUIPlugin:80 - create IPUIPlugin
2025-08-10 18:29:05,708 [INFO] PluginManager:220 - loadIPPluginJar : add tim
2025-08-10 18:29:05,708 [INFO] IPUIPlugin:80 - create IPUIPlugin
2025-08-10 18:29:05,708 [INFO] PluginManager:220 - loadIPPluginJar : add ltdc
2025-08-10 18:29:05,710 [INFO] IPUIPlugin:80 - create IPUIPlugin
2025-08-10 18:29:05,710 [INFO] PluginManager:220 - loadIPPluginJar : add mdma
2025-08-10 18:29:05,710 [INFO] IPUIPlugin:80 - create IPUIPlugin
2025-08-10 18:29:05,711 [INFO] PluginManager:220 - loadIPPluginJar : add comp
2025-08-10 18:29:05,711 [INFO] IPUIPlugin:80 - create IPUIPlugin
2025-08-10 18:29:05,711 [INFO] PluginManager:220 - loadIPPluginJar : add tracer_emb
2025-08-10 18:29:05,712 [INFO] IPUIPlugin:80 - create IPUIPlugin
2025-08-10 18:29:05,712 [INFO] PluginManager:220 - loadIPPluginJar : add ddr_ctrl_phy
2025-08-10 18:29:05,714 [INFO] IPUIPlugin:80 - create IPUIPlugin
2025-08-10 18:29:05,714 [INFO] PluginManager:220 - loadIPPluginJar : add linkedlist
2025-08-10 18:29:05,715 [INFO] IPUIPlugin:80 - create IPUIPlugin
2025-08-10 18:29:05,715 [INFO] PluginManager:220 - loadIPPluginJar : add can
2025-08-10 18:29:05,716 [INFO] IPUIPlugin:80 - create IPUIPlugin
2025-08-10 18:29:05,716 [INFO] PluginManager:220 - loadIPPluginJar : add radio
2025-08-10 18:29:05,717 [INFO] IPUIPlugin:80 - create IPUIPlugin
2025-08-10 18:29:05,717 [INFO] PluginManager:220 - loadIPPluginJar : add nvic
2025-08-10 18:29:05,719 [INFO] IPUIPlugin:80 - create IPUIPlugin
2025-08-10 18:29:05,719 [INFO] PluginManager:220 - loadIPPluginJar : add dma
2025-08-10 18:29:05,803 [FATAL] Updater:351 - Updater called before beeing initialized
2025-08-10 18:29:05,815 [INFO] RulesReader:64 - Compatibility file has been processed (301 Rules)
2025-08-10 18:29:05,820 [INFO] RulesReader:64 - Compatibility file has been processed (301 Rules)
2025-08-10 18:29:05,824 [INFO] CADModel:165 - CPN selected for project level
2025-08-10 18:29:05,824 [INFO] CADModel:114 - Register for checkConnection events
2025-08-10 18:29:05,824 [FATAL] Updater:351 - Updater called before beeing initialized
2025-08-10 18:29:05,824 [ERROR] CADModel:125 - Updater not yet initialized, retry later 
2025-08-10 18:29:05,882 [FATAL] Updater:351 - Updater called before beeing initialized
2025-08-10 18:29:05,883 [INFO] CADModel:165 - CPN selected for project level
2025-08-10 18:29:05,883 [INFO] CADModel:114 - Register for checkConnection events
2025-08-10 18:29:05,883 [FATAL] Updater:351 - Updater called before beeing initialized
2025-08-10 18:29:05,883 [ERROR] CADModel:125 - Updater not yet initialized, retry later 
2025-08-10 18:29:05,885 [FATAL] Updater:351 - Updater called before beeing initialized
2025-08-10 18:29:05,926 [FATAL] Updater:351 - Updater called before beeing initialized
2025-08-10 18:29:05,928 [INFO] DbMcusAds:53 - JSON generation date=Thu Mar 06 08:54:21 CST 2025 (1741272861825)
2025-08-10 18:29:05,928 [FATAL] Updater:351 - Updater called before beeing initialized
2025-08-10 18:29:05,946 [WARN] DetailPanel:346 - Failed to get advertising image, set to default
2025-08-10 18:29:06,094 [FATAL] Updater:351 - Updater called before beeing initialized
2025-08-10 18:29:06,095 [FATAL] Updater:351 - Updater called before beeing initialized
2025-08-10 18:29:06,095 [FATAL] Updater:351 - Updater called before beeing initialized
2025-08-10 18:29:06,095 [WARN] DetailPanel:346 - Failed to get advertising image, set to default
2025-08-10 18:29:06,096 [FATAL] Updater:351 - Updater called before beeing initialized
2025-08-10 18:29:06,113 [ERROR] Updater:1198 - MainUpdater not yet initialized. External WinMGr cannot be set.
2025-08-10 18:29:06,114 [INFO] Updater:1134 - Updater Version found : 6.14.0
2025-08-10 18:29:06,122 [INFO] ApplicationProperties:184 - Using Application install path: /opt/stm32cubeide/plugins/com.st.stm32cube.common.mx_6.14.0.202502271554
2025-08-10 18:29:06,385 [INFO] MainUpdater:2872 - connection check result : 10
2025-08-10 18:29:06,386 [INFO] MainUpdater:289 - Updater Check For Update Now.
2025-08-10 18:29:06,386 [INFO] MicroXplorer:498 - Change Database Version : DB.6.0.140
2025-08-10 18:29:06,388 [INFO] McuFinderGlobals:63 - Set McuFinder mode to 2 (CubeIDE integrated)
2025-08-10 18:29:06,388 [INFO] UserAuth:486 - Internet connection configuration mode: 1
2025-08-10 18:29:06,392 [INFO] JxBrowserEngine:152 - Initiate JxBrowser Engine with user profile folder
2025-08-10 18:29:06,530 [INFO] CheckServerUpdateThread:120 - End of CheckServer Thread
2025-08-10 18:29:06,709 [INFO] WebApp:169 - Instantiating new browser for Auth
2025-08-10 18:29:06,993 [INFO] WebApp:463 - Apply proxy settings
2025-08-10 18:29:06,994 [INFO] WebApp:548 - Chromium requires no authentication
2025-08-10 18:29:06,998 [INFO] WebApp:491 - Direct internet connection detected
2025-08-10 18:29:07,006 [INFO] WebApp:894 - Register for checkConnection events
2025-08-10 18:29:07,006 [INFO] WebApp:463 - Apply proxy settings
2025-08-10 18:29:07,006 [INFO] WebApp:548 - Chromium requires no authentication
2025-08-10 18:29:07,006 [INFO] WebApp:491 - Direct internet connection detected
2025-08-10 18:29:07,070 [INFO] WebApp:225 - Starting web application
2025-08-10 18:29:07,070 [INFO] WebApp:593 - Web application path used /opt/stm32cubeide/plugins/com.st.stm32cube.common.mx_6.14.0.202502271554/db/plugins/mcufinder/reactClient1/index.html
2025-08-10 18:29:07,118 [INFO] UserAuth:486 - Internet connection configuration mode: 1
2025-08-10 18:29:07,251 [INFO] WebApp:191 - Connection restablished
2025-08-10 18:29:08,540 [WARN] PackLoader:240 - Cannot read IP mode file for STMicroelectronics.FP-SNS-MOTENVWB1.1.4.0
2025-08-10 18:29:08,543 [WARN] PackLoader:240 - Cannot read IP mode file for STMicroelectronics.FP-ATR-ASTRA1.2.0.2
2025-08-10 18:29:08,546 [WARN] PackLoader:240 - Cannot read IP mode file for STMicroelectronics.X-CUBE-SMBUS.2.1.0
2025-08-10 18:29:08,550 [WARN] PackLoader:240 - Cannot read IP mode file for STMicroelectronics.X-CUBE-WB05N.1.1.0
2025-08-10 18:29:08,553 [WARN] PackLoader:240 - Cannot read IP mode file for STMicroelectronics.X-CUBE-ST60.1.0.0
2025-08-10 18:29:08,571 [WARN] PackLoader:240 - Cannot read IP mode file for STMicroelectronics.X-CUBE-AZRTOS-F7.1.1.0
2025-08-10 18:29:08,587 [WARN] PackLoader:240 - Cannot read IP mode file for Infineon.AIROC-Wi-Fi-Bluetooth-STM32.1.7.0
2025-08-10 18:29:08,605 [WARN] PackLoader:240 - Cannot read IP mode file for STMicroelectronics.X-CUBE-AZRTOS-H7.3.4.0
2025-08-10 18:29:08,610 [WARN] PackLoader:240 - Cannot read IP mode file for STMicroelectronics.X-CUBE-DISPLAY.3.0.0
2025-08-10 18:29:08,617 [WARN] PackLoader:240 - Cannot read IP mode file for STMicroelectronics.X-CUBE-NFC10.1.0.0
2025-08-10 18:29:08,626 [WARN] PackLoader:240 - Cannot read IP mode file for STMicroelectronics.X-CUBE-BLEMGR.4.0.0
2025-08-10 18:29:08,629 [WARN] PackLoader:240 - Cannot read IP mode file for emotas.I-CUBE-CANOPEN.1.3.0
2025-08-10 18:29:08,631 [WARN] ConditionMgr:438 - getConditionDescription Invalid condition id : Cortex-A Device cause : null
2025-08-10 18:29:08,636 [WARN] ConditionMgr:1044 - genDependencies : Invalid condition id : Cortex-A Device cause : null
2025-08-10 18:29:08,637 [WARN] ConditionMgr:1044 - genDependencies : Invalid condition id : Cortex-A Device cause : null
2025-08-10 18:29:08,637 [WARN] ConditionMgr:1044 - genDependencies : Invalid condition id : Cortex-A Device cause : null
2025-08-10 18:29:08,638 [WARN] PackLoader:240 - Cannot read IP mode file for STMicroelectronics.X-CUBE-AI.10.0.0
2025-08-10 18:29:08,640 [ERROR] Engine:466 - /home/nicolas/.stm32cubemx/thirdparties/pdsc/STMicroelectronics.FP-SNS-STBOX1.2.1.0.pdsc: PDSC version is not supported
2025-08-10 18:29:08,642 [WARN] PackLoader:240 - Cannot read IP mode file for STMicroelectronics.FP-SNS-SMARTAG2.1.2.0
2025-08-10 18:29:08,644 [WARN] PackLoader:240 - Cannot read IP mode file for STMicroelectronics.FP-SNS-FLIGHT1.5.1.0
2025-08-10 18:29:08,669 [WARN] PackLoader:240 - Cannot read IP mode file for STMicroelectronics.X-CUBE-MEMS1.11.1.0
2025-08-10 18:29:08,776 [INFO] LogOutputStream:77 - [STDOUT_REDIRECT] 1 : Invalid condition id : UX_CORESTACK_Condition cause : null
2025-08-10 18:29:08,776 [INFO] LogOutputStream:77 - [STDOUT_REDIRECT] 1 : Invalid condition id : UX_CORESTACK_Condition cause : null
2025-08-10 18:29:08,777 [INFO] LogOutputStream:77 - [STDOUT_REDIRECT] 1 : Invalid condition id : UX_CORESTACK_Condition cause : null
2025-08-10 18:29:08,777 [INFO] LogOutputStream:77 - [STDOUT_REDIRECT] 1 : Invalid condition id : UX_CORESTACK_Condition cause : null
2025-08-10 18:29:08,777 [INFO] LogOutputStream:77 - [STDOUT_REDIRECT] 1 : Invalid condition id : UX_CORESTACK_Condition cause : null
2025-08-10 18:29:08,778 [WARN] PackLoader:240 - Cannot read IP mode file for STMicroelectronics.X-CUBE-AZRTOS-WL.2.0.0
2025-08-10 18:29:08,780 [WARN] PackLoader:240 - Cannot read IP mode file for STMicroelectronics.FP-SNS-MOTENV1.5.0.0
2025-08-10 18:29:08,783 [WARN] PackLoader:240 - Cannot read IP mode file for WES.I-CUBE-Cesium.1.3.0
2025-08-10 18:29:08,784 [WARN] PackLoader:240 - Cannot read IP mode file for STMicroelectronics.X-CUBE-BLE2.3.3.0
2025-08-10 18:29:08,788 [WARN] PackLoader:240 - Cannot read IP mode file for STMicroelectronics.X-CUBE-NFC9.1.0.0
2025-08-10 18:29:08,791 [WARN] PackLoader:240 - Cannot read IP mode file for STMicroelectronics.X-CUBE-BLE1.7.1.0
2025-08-10 18:29:08,792 [WARN] PackLoader:240 - Cannot read IP mode file for wolfSSL.I-CUBE-wolfMQTT.1.19.2
2025-08-10 18:29:08,794 [WARN] PackLoader:240 - Cannot read IP mode file for STMicroelectronics.X-CUBE-EEPRMA1.5.2.0
2025-08-10 18:29:08,800 [WARN] PackLoader:240 - Cannot read IP mode file for STMicroelectronics.X-CUBE-AZRTOS-G0.1.1.0
2025-08-10 18:29:08,804 [WARN] PackLoader:240 - Cannot read IP mode file for STMicroelectronics.X-CUBE-SAFEA1.1.2.2
2025-08-10 18:29:08,807 [WARN] PackLoader:240 - Cannot read IP mode file for STMicroelectronics.X-CUBE-NFC4.3.0.0
2025-08-10 18:29:08,812 [WARN] PackLoader:240 - Cannot read IP mode file for EmbeddedOffice.I-CUBE-FS-RTOS.1.0.1
2025-08-10 18:29:08,817 [WARN] PackLoader:240 - Cannot read IP mode file for STMicroelectronics.X-CUBE-WB05N.2.0.0
2025-08-10 18:29:08,820 [WARN] PackLoader:240 - Cannot read IP mode file for wolfSSL.I-CUBE-wolfTPM.3.8.0
2025-08-10 18:29:08,822 [WARN] PackLoader:240 - Cannot read IP mode file for STMicroelectronics.X-CUBE-TCPP.4.2.0
2025-08-10 18:29:08,824 [WARN] PackLoader:240 - Cannot read IP mode file for RealThread.X-CUBE-RT-Thread_Nano.4.1.1
2025-08-10 18:29:08,825 [WARN] PackLoader:240 - Cannot read IP mode file for STMicroelectronics.FP-ATR-SIGFOX1.3.2.0
2025-08-10 18:29:08,828 [WARN] PackLoader:240 - Cannot read IP mode file for STMicroelectronics.X-CUBE-EEPRMA1.5.1.0
2025-08-10 18:29:08,830 [WARN] PackLoader:240 - Cannot read IP mode file for wolfSSL.I-CUBE-wolfSSL.5.7.6
2025-08-10 18:29:08,831 [WARN] PackLoader:240 - Cannot read IP mode file for ITTIA_DB.I-CUBE-ITTIADB.8.9.0
2025-08-10 18:29:08,833 [WARN] PackLoader:240 - Cannot read IP mode file for STMicroelectronics.X-CUBE-ST67W61.1.0.0
2025-08-10 18:29:08,835 [WARN] PackLoader:240 - Cannot read IP mode file for STMicroelectronics.X-CUBE-AI.10.2.0
2025-08-10 18:29:08,846 [WARN] PackLoader:240 - Cannot read IP mode file for SEGGER.I-CUBE-embOS.1.3.1
2025-08-10 18:29:08,861 [WARN] PackLoader:240 - Cannot read IP mode file for STMicroelectronics.X-CUBE-ALGOBUILD.1.4.0
2025-08-10 18:29:08,888 [WARN] PackLoader:240 - Cannot read IP mode file for STMicroelectronics.X-CUBE-MEMS1.11.3.0
2025-08-10 18:29:08,945 [WARN] PackLoader:240 - Cannot read IP mode file for STMicroelectronics.X-CUBE-PM33A1.1.0.0
2025-08-10 18:29:08,952 [WARN] PackLoader:240 - Cannot read IP mode file for STMicroelectronics.X-CUBE-AZRTOS-F4.1.1.0
2025-08-10 18:29:08,955 [WARN] PackLoader:240 - Cannot read IP mode file for Avnet-IotConnect.X-CUBE-IoTC-DA16k-PMOD.1.0.0
2025-08-10 18:29:08,956 [WARN] PackLoader:240 - Cannot read IP mode file for STMicroelectronics.X-CUBE-ISPU.2.1.0
2025-08-10 18:29:08,958 [WARN] PackLoader:240 - Cannot read IP mode file for STMicroelectronics.X-CUBE-NFC12.1.0.0
2025-08-10 18:29:08,964 [WARN] PackLoader:240 - Cannot read IP mode file for STMicroelectronics.X-CUBE-AZRTOS-L5.2.0.0
2025-08-10 18:29:08,968 [WARN] PackLoader:240 - Cannot read IP mode file for STMicroelectronics.X-CUBE-NFC6.3.1.0
2025-08-10 18:29:08,970 [WARN] PackLoader:240 - Cannot read IP mode file for STMicroelectronics.X-CUBE-DPower.1.2.0
2025-08-10 18:29:08,972 [WARN] PackLoader:240 - Cannot read IP mode file for STMicroelectronics.X-CUBE-FREERTOS.1.3.1
2025-08-10 18:29:08,975 [WARN] PackLoader:240 - Cannot read IP mode file for STMicroelectronics.X-CUBE-FREERTOS.1.3.0
2025-08-10 18:29:08,977 [WARN] PackLoader:240 - Cannot read IP mode file for STMicroelectronics.X-CUBE-NFC7.1.0.1
2025-08-10 18:29:08,978 [WARN] PackLoader:240 - Cannot read IP mode file for STMicroelectronics.FP-SNS-STAIOTCFT.1.0.0
2025-08-10 18:29:08,980 [WARN] PackLoader:240 - Cannot read IP mode file for STMicroelectronics.X-CUBE-DPower.1.3.0
2025-08-10 18:29:08,985 [WARN] ConditionMgr:438 - getConditionDescription Invalid condition id : LAN8742 Phy interface Condition cause : null
2025-08-10 18:29:08,985 [WARN] PackLoader:240 - Cannot read IP mode file for STMicroelectronics.X-CUBE-AZRTOS-L4.2.0.0
2025-08-10 18:29:08,986 [WARN] ConditionMgr:1044 - genDependencies : Invalid condition id : LAN8742 Phy interface Condition cause : null
2025-08-10 18:29:08,986 [WARN] ConditionMgr:1044 - genDependencies : Invalid condition id : LAN8742 Phy interface Condition cause : null
2025-08-10 18:29:08,986 [WARN] ConditionMgr:1044 - genDependencies : Invalid condition id : LAN8742 Phy interface Condition cause : null
2025-08-10 18:29:08,990 [WARN] PackLoader:240 - Cannot read IP mode file for STMicroelectronics.X-CUBE-SFXS2LP1.4.0.0
2025-08-10 18:29:09,001 [WARN] PackLoader:240 - Cannot read IP mode file for STMicroelectronics.X-CUBE-AZRTOS-H7.3.3.0
2025-08-10 18:29:09,011 [WARN] PackLoader:240 - Cannot read IP mode file for STMicroelectronics.X-CUBE-BLEMGR.4.1.0
2025-08-10 18:29:09,020 [WARN] ConditionMgr:438 - getConditionDescription Invalid condition id : UX DEVICE CLASS RTOS Condition cause : null
2025-08-10 18:29:09,021 [WARN] ConditionMgr:438 - getConditionDescription Invalid condition id : UX DEVICE CLASS RTOS Condition cause : null
2025-08-10 18:29:09,022 [WARN] PackLoader:240 - Cannot read IP mode file for STMicroelectronics.X-CUBE-AZRTOS-WB.2.0.0
2025-08-10 18:29:09,022 [WARN] ConditionMgr:1044 - genDependencies : Invalid condition id : UX DEVICE CLASS RTOS Condition cause : null
2025-08-10 18:29:09,022 [WARN] ConditionMgr:1044 - genDependencies : Invalid condition id : UX DEVICE CLASS RTOS Condition cause : null
2025-08-10 18:29:09,022 [WARN] ConditionMgr:1044 - genDependencies : Invalid condition id : UX DEVICE CLASS RTOS Condition cause : null
2025-08-10 18:29:09,023 [WARN] ConditionMgr:1044 - genDependencies : Invalid condition id : UX DEVICE CLASS RTOS Condition cause : null
2025-08-10 18:29:09,023 [WARN] ConditionMgr:1044 - genDependencies : Invalid condition id : UX DEVICE CLASS RTOS Condition cause : null
2025-08-10 18:29:09,026 [WARN] PackLoader:240 - Cannot read IP mode file for STMicroelectronics.X-CUBE-GNSS1.7.0.1
2025-08-10 18:29:09,029 [WARN] PackLoader:240 - Cannot read IP mode file for STMicroelectronics.X-CUBE-TOUCHGFX.4.25.0
2025-08-10 18:29:09,037 [WARN] PackLoader:240 - Cannot read IP mode file for STMicroelectronics.FP-SNS-STBOX1.2.0.0
2025-08-10 18:29:09,043 [WARN] PackLoader:240 - Cannot read IP mode file for STMicroelectronics.X-CUBE-SUBG2.5.0.0
2025-08-10 18:29:09,050 [WARN] PackLoader:240 - Cannot read IP mode file for STMicroelectronics.X-CUBE-AZRTOS-H7RS.1.1.0
2025-08-10 18:29:09,053 [WARN] PackLoader:240 - Cannot read IP mode file for Cesanta.I-CUBE-Mongoose.7.13.0
2025-08-10 18:29:09,058 [WARN] PackLoader:240 - Cannot read IP mode file for STMicroelectronics.X-CUBE-AZRTOS-G4.2.0.0
2025-08-10 18:29:09,060 [WARN] PackLoader:240 - Cannot read IP mode file for wolfSSL.I-CUBE-wolfSSH.1.4.20
2025-08-10 18:29:09,061 [WARN] PackLoader:240 - Cannot read IP mode file for STMicroelectronics.X-CUBE-NFC7.2.0.0
2025-08-10 18:29:09,063 [WARN] PackLoader:240 - Cannot read IP mode file for STMicroelectronics.X-CUBE-IPS.3.1.0
2025-08-10 18:29:09,066 [WARN] PackLoader:240 - Cannot read IP mode file for STMicroelectronics.X-CUBE-ALS.1.0.2
2025-08-10 18:29:09,069 [WARN] PackLoader:240 - Cannot read IP mode file for portGmbH.I-Cube-SoM-uGOAL.1.1.0
2025-08-10 18:29:09,076 [WARN] PackLoader:240 - Cannot read IP mode file for STMicroelectronics.X-CUBE-AZRTOS-H7RS.1.0.0
2025-08-10 18:29:09,080 [WARN] PackLoader:240 - Cannot read IP mode file for STMicroelectronics.X-CUBE-TOF1.3.4.2
2025-08-10 18:29:09,087 [WARN] PackLoader:240 - Cannot read IP mode file for STMicroelectronics.X-CUBE-TOF1.3.4.3
2025-08-10 18:29:09,090 [INFO] ThirdParty:978 - Integrity check success = true
2025-08-10 18:29:09,090 [INFO] IntegrityCheckThread:100 - exiting critical section [integrity check]
2025-08-10 18:29:09,090 [INFO] IntegrityCheckThread:103 - End integrity checks thread
2025-08-10 18:30:20,471 [ERROR] AdobePublisher:162 - Exception while opening the connection: java.net.ConnectException: Connection refused
2025-08-10 18:30:20,472 [ERROR] AdobePublisher:162 - Exception while opening the connection: java.net.ConnectException: Connection refused
2025-08-10 18:30:20,472 [ERROR] AdobePublisher:162 - Exception while opening the connection: java.net.ConnectException: Connection refused
2025-08-10 18:30:20,472 [ERROR] AdobePublisher:162 - Exception while opening the connection: java.net.ConnectException: Connection refused
2025-08-10 18:30:20,473 [ERROR] AdobePublisher:162 - Exception while opening the connection: java.net.ConnectException: Connection refused
2025-08-10 18:30:20,477 [ERROR] AdobePublisher:162 - Exception while opening the connection: java.net.ConnectException: Connection refused
2025-08-10 18:30:20,477 [ERROR] AdobePublisher:162 - Exception while opening the connection: java.net.ConnectException: Connection refused
2025-08-10 18:30:20,477 [ERROR] AdobePublisher:162 - Exception while opening the connection: java.net.ConnectException: Connection refused
2025-08-10 18:30:20,477 [ERROR] AdobePublisher:162 - Exception while opening the connection: java.net.ConnectException: Connection refused
2025-08-10 18:30:20,478 [ERROR] AdobePublisher:162 - Exception while opening the connection: java.net.ConnectException: Connection refused
2025-08-10 18:30:20,684 [ERROR] LogOutputStream:75 - [STDERR_REDIRECT] 
