../Core/Inc/UTC.h:13:26:calculate_utc_offset	24	static
../Core/Src/main.c:96:6:Update_Changes	40	static
../Core/Src/main.c:187:6:Show_UTC	32	static
../Core/Src/main.c:196:6:Show_Time	48	static
../Core/Src/main.c:216:6:DisplayDigits	48	static
../Core/Src/main.c:248:5:main	8	static
../Core/Src/main.c:352:6:SystemClock_Config	88	static
../Core/Src/main.c:400:6:JackpotClean	88	static
../Core/Src/main.c:458:6:Read_GPS	24	static
../Core/Src/main.c:480:6:Parse_GPGGA	208	static
../Core/Src/main.c:521:6:Print_UTC_Time	64	static
../Core/Src/main.c:528:6:RTC_SetTime	64	static
../Core/Src/main.c:582:6:RTC_SetDate	32	static
../Core/Src/main.c:597:6:Button_Init	48	static
../Core/Src/main.c:618:6:HAL_TIM_PeriodElapsedCallback	16	static
../Core/Src/main.c:639:6:HAL_RTC_AlarmAEventCallback	16	static
../Core/Src/main.c:645:6:HAL_SPI_TxCpltCallback	16	static
../Core/Src/main.c:650:6:process_button_events	24	static
../Core/Src/main.c:707:6:_putchar	16	static
../Core/Src/main.c:719:6:Error_Handler	8	static,ignoring_inline_asm
