../Core/Inc/UTC.h:13:26:calculate_utc_offset	24	static
../Core/Src/main.c:96:6:Update_Changes	40	static
../Core/Src/main.c:187:6:Show_UTC	32	static
../Core/Src/main.c:196:6:Show_Time	48	static
../Core/Src/main.c:216:6:DisplayDigits	48	static
../Core/Src/main.c:248:5:main	8	static
../Core/Src/main.c:352:6:SystemClock_Config	88	static
../Core/Src/main.c:400:6:JackpotClean	96	static
../Core/Src/main.c:464:6:Read_GPS	24	static
../Core/Src/main.c:486:6:Parse_GPGGA	208	static
../Core/Src/main.c:527:6:Print_UTC_Time	64	static
../Core/Src/main.c:534:6:RTC_SetTime	64	static
../Core/Src/main.c:588:6:RTC_SetDate	32	static
../Core/Src/main.c:603:6:Button_Init	48	static
../Core/Src/main.c:624:6:HAL_TIM_PeriodElapsedCallback	16	static
../Core/Src/main.c:645:6:HAL_RTC_AlarmAEventCallback	16	static
../Core/Src/main.c:651:6:HAL_SPI_TxCpltCallback	16	static
../Core/Src/main.c:656:6:process_button_events	24	static
../Core/Src/main.c:713:6:_putchar	16	static
../Core/Src/main.c:725:6:Error_Handler	8	static,ignoring_inline_asm
