../Core/Inc/UTC.h:13:26:calculate_utc_offset	40
../Core/Src/main.c:96:6:Update_Changes	16
../Core/Src/main.c:187:6:Show_UTC	1
../Core/Src/main.c:196:6:Show_Time	4
../Core/Src/main.c:216:6:DisplayDigits	1
../Core/Src/main.c:248:5:main	11
../Core/Src/main.c:352:6:SystemClock_Config	3
../Core/Src/main.c:400:6:JackpotClean	8
../Core/Src/main.c:458:6:Read_GPS	4
../Core/Src/main.c:480:6:Parse_GPGGA	6
../Core/Src/main.c:521:6:Print_UTC_Time	1
../Core/Src/main.c:528:6:RTC_SetTime	7
../Core/Src/main.c:582:6:RTC_SetDate	2
../Core/Src/main.c:597:6:Button_Init	1
../Core/Src/main.c:618:6:HAL_TIM_PeriodElapsedCallback	4
../Core/Src/main.c:639:6:HAL_RTC_AlarmAEventCallback	2
../Core/Src/main.c:645:6:HAL_SPI_TxCpltCallback	1
../Core/Src/main.c:650:6:process_button_events	14
../Core/Src/main.c:707:6:_putchar	2
../Core/Src/main.c:719:6:Error_Handler	1
