../Core/Src/stm32g0xx_it.c:73:6:NMI_Handler	8	static
../Core/Src/stm32g0xx_it.c:88:6:HardFault_Handler	8	static
../Core/Src/stm32g0xx_it.c:105:6:SVC_Handler	8	static
../Core/Src/stm32g0xx_it.c:118:6:PendSV_Handler	8	static
../Core/Src/stm32g0xx_it.c:131:6:SysTick_Handler	8	static
../Core/Src/stm32g0xx_it.c:152:6:RTC_TAMP_IRQHandler	8	static
../Core/Src/stm32g0xx_it.c:166:6:DMA1_Channel1_IRQHandler	8	static
../Core/Src/stm32g0xx_it.c:180:6:TIM6_IRQHandler	8	static
../Core/Src/stm32g0xx_it.c:194:6:TIM7_IRQHandler	8	static
../Core/Src/stm32g0xx_it.c:208:6:USART1_IRQHandler	8	static
